PrismaClientKnownRequestError: 
Invalid `prisma.contestant.findUnique()` invocation:


Raw query failed. Code: `unknown`. Message: `Kind: I/O error: An existing connection was forcibly closed by the remote host. (os error 10054), labels: {}, source: None`
    at ei.handleRequestError (C:\Users\gambo\OneDrive\Desktop\rivalry\backend\node_modules\@prisma\client\runtime\library.js:121:7268)
    at ei.handleAndLogRequestError (C:\Users\gambo\OneDrive\Desktop\rivalry\backend\node_modules\@prisma\client\runtime\library.js:121:6593)
    at ei.request (C:\Users\gambo\OneDrive\Desktop\rivalry\backend\node_modules\@prisma\client\runtime\library.js:121:6300)
    at async a (C:\Users\gambo\OneDrive\Desktop\rivalry\backend\node_modules\@prisma\client\runtime\library.js:130:9551)
    at async getContestant (file:///C:/Users/gambo/OneDrive/Desktop/rivalry/backend/src/controllers/contestant.controller.js:49:22) {
  code: 'P2010',
  meta: {
    modelName: 'Contestant',
    code: 'unknown',
    message: 'Kind: I/O error: An existing connection was forcibly closed by the remote host. (os error 10054), labels: {}, source: None'
  },
  clientVersion: '6.19.3'
}
PrismaClientKnownRequestError: 
Invalid `prisma.vote.findMany()` invocation:


Raw query failed. Code: `unknown`. Message: `Kind: I/O error: timed out, labels: {"RetryableWriteError"}, source: None`
    at ei.handleRequestError (C:\Users\gambo\OneDrive\Desktop\rivalry\backend\node_modules\@prisma\client\runtime\library.js:121:7268)
    at ei.handleAndLogRequestError (C:\Users\gambo\OneDrive\Desktop\rivalry\backend\node_modules\@prisma\client\runtime\library.js:121:6593)
    at ei.request (C:\Users\gambo\OneDrive\Desktop\rivalry\backend\node_modules\@prisma\client\runtime\library.js:121:6300)
    at async a (C:\Users\gambo\OneDrive\Desktop\rivalry\backend\node_modules\@prisma\client\runtime\library.js:130:9551)
    at async listRecentVotes (file:///C:/Users/gambo/OneDrive/Desktop/rivalry/backend/src/controllers/vote.controller.js:231:19) {
  code: 'P2010',
  meta: {
    modelName: 'Vote',
    code: 'unknown',
    message: 'Kind: I/O error: timed out, labels: {"RetryableWriteError"}, source: None'
  },
  clientVersion: '6.19.3'
}
PrismaClientKnownRequestError: 
Invalid `prisma.vote.findMany()` invocation:


Raw query failed. Code: `unknown`. Message: `Kind: Server selection timeout: No available servers. Topology: { Type: ReplicaSetNoPrimary, Set Name: atlas-693624-shard-0, Max Set Version: 377, Max Election ID: 7fffffff00000000000001fa, Servers: [ { Address: ac-as8c0sd-shard-00-01.di9abps.mongodb.net:27017, Type: Unknown, Error: Kind: I/O error: No such host is known. (os error 11001), labels: {}, source: None }, { Address: ac-as8c0sd-shard-00-02.di9abps.mongodb.net:27017, Type: Unknown, Error: Kind: I/O error: No such host is known. (os error 11001), labels: {}, source: None }, { Address: ac-as8c0sd-shard-00-00.di9abps.mongodb.net:27017, Type: Unknown, Error: Kind: I/O error: No such host is known. (os error 11001), labels: {}, source: None } ] }, labels: {}, source: None`
    at ei.handleRequestError (C:\Users\gambo\OneDrive\Desktop\rivalry\backend\node_modules\@prisma\client\runtime\library.js:121:7268)
    at ei.handleAndLogRequestError (C:\Users\gambo\OneDrive\Desktop\rivalry\backend\node_modules\@prisma\client\runtime\library.js:121:6593)
    at ei.request (C:\Users\gambo\OneDrive\Desktop\rivalry\backend\node_modules\@prisma\client\runtime\library.js:121:6300)
    at async a (C:\Users\gambo\OneDrive\Desktop\rivalry\backend\node_modules\@prisma\client\runtime\library.js:130:9551)
    at async listRecentVotes (file:///C:/Users/gambo/OneDrive/Desktop/rivalry/backend/src/controllers/vote.controller.js:231:19) {
  code: 'P2010',
  meta: {
    modelName: 'Vote',
    code: 'unknown',
    message: 'Kind: Server selection timeout: No available servers. Topology: { Type: ReplicaSetNoPrimary, Set Name: atlas-693624-shard-0, Max Set Version: 377, Max Election ID: 7fffffff00000000000001fa, Servers: [ { Address: ac-as8c0sd-shard-00-01.di9abps.mongodb.net:27017, Type: Unknown, Error: Kind: I/O error: No such host is known. (os error 11001), labels: {}, source: None }, { Address: ac-as8c0sd-shard-00-02.di9abps.mongodb.net:27017, Type: Unknown, Error: Kind: I/O error: No such host is known. (os error 11001), labels: {}, source: None }, { Address: ac-as8c0sd-shard-00-00.di9abps.mongodb.net:27017, Type: Unknown, Error: Kind: I/O error: No such host is known. (os error 11001), labels: {}, source: None } ] }, labels: {}, source: None'
  },
  clientVersion: '6.19.3'
}
PrismaClientKnownRequestError: 
Invalid `prisma.supporter.findMany()` invocation:


Raw query failed. Code: `unknown`. Message: `Kind: Connection to ac-as8c0sd-shard-00-01.di9abps.mongodb.net:27017 interrupted due to server monitor timeout, labels: {}, source: None`
    at ei.handleRequestError (C:\Users\gambo\OneDrive\Desktop\rivalry\backend\node_modules\@prisma\client\runtime\library.js:121:7268)
    at ei.handleAndLogRequestError (C:\Users\gambo\OneDrive\Desktop\rivalry\backend\node_modules\@prisma\client\runtime\library.js:121:6593)
    at ei.request (C:\Users\gambo\OneDrive\Desktop\rivalry\backend\node_modules\@prisma\client\runtime\library.js:121:6300)
    at async a (C:\Users\gambo\OneDrive\Desktop\rivalry\backend\node_modules\@prisma\client\runtime\library.js:130:9551)
    at async listSupporters (file:///C:/Users/gambo/OneDrive/Desktop/rivalry/backend/src/controllers/vote.controller.js:191:24) {
  code: 'P2010',
  meta: {
    modelName: 'Supporter',
    code: 'unknown',
    message: 'Kind: Connection to ac-as8c0sd-shard-00-01.di9abps.mongodb.net:27017 interrupted due to server monitor timeout, labels: {}, source: None'
  },
  clientVersion: '6.19.3'
}
PrismaClientKnownRequestError: 
Invalid `prisma.vote.findMany()` invocation:


Raw query failed. Code: `unknown`. Message: `Kind: Server selection timeout: No available servers. Topology: { Type: ReplicaSetNoPrimary, Set Name: atlas-693624-shard-0, Max Set Version: 377, Max Election ID: 7fffffff00000000000001fa, Servers: [ { Address: ac-as8c0sd-shard-00-01.di9abps.mongodb.net:27017, Type: Unknown, Error: Kind: I/O error: No such host is known. (os error 11001), labels: {}, source: None }, { Address: ac-as8c0sd-shard-00-02.di9abps.mongodb.net:27017, Type: Unknown, Error: Kind: I/O error: No such host is known. (os error 11001), labels: {}, source: None }, { Address: ac-as8c0sd-shard-00-00.di9abps.mongodb.net:27017, Type: Unknown, Error: Kind: I/O error: No such host is known. (os error 11001), labels: {}, source: None } ] }, labels: {}, source: None`
    at ei.handleRequestError (C:\Users\gambo\OneDrive\Desktop\rivalry\backend\node_modules\@prisma\client\runtime\library.js:121:7268)
    at ei.handleAndLogRequestError (C:\Users\gambo\OneDrive\Desktop\rivalry\backend\node_modules\@prisma\client\runtime\library.js:121:6593)
    at ei.request (C:\Users\gambo\OneDrive\Desktop\rivalry\backend\node_modules\@prisma\client\runtime\library.js:121:6300)
    at async a (C:\Users\gambo\OneDrive\Desktop\rivalry\backend\node_modules\@prisma\client\runtime\library.js:130:9551)
    at async listRecentVotes (file:///C:/Users/gambo/OneDrive/Desktop/rivalry/backend/src/controllers/vote.controller.js:231:19) {
  code: 'P2010',
  meta: {
    modelName: 'Vote',
    code: 'unknown',
    message: 'Kind: Server selection timeout: No available servers. Topology: { Type: ReplicaSetNoPrimary, Set Name: atlas-693624-shard-0, Max Set Version: 377, Max Election ID: 7fffffff00000000000001fa, Servers: [ { Address: ac-as8c0sd-shard-00-01.di9abps.mongodb.net:27017, Type: Unknown, Error: Kind: I/O error: No such host is known. (os error 11001), labels: {}, source: None }, { Address: ac-as8c0sd-shard-00-02.di9abps.mongodb.net:27017, Type: Unknown, Error: Kind: I/O error: No such host is known. (os error 11001), labels: {}, source: None }, { Address: ac-as8c0sd-shard-00-00.di9abps.mongodb.net:27017, Type: Unknown, Error: Kind: I/O error: No such host is known. (os error 11001), labels: {}, source: None } ] }, labels: {}, source: None'
  },
  clientVersion: '6.19.3'
}
PrismaClientKnownRequestError: 
Invalid `prisma.vote.findMany()` invocation:


Raw query failed. Code: `unknown`. Message: `Kind: Server selection timeout: No available servers. Topology: { Type: ReplicaSetNoPrimary, Set Name: atlas-693624-shard-0, Max Set Version: 377, Max Election ID: 7fffffff00000000000001fa, Servers: [ { Address: ac-as8c0sd-shard-00-01.di9abps.mongodb.net:27017, Type: Unknown, Error: Kind: I/O error: No such host is known. (os error 11001), labels: {}, source: None }, { Address: ac-as8c0sd-shard-00-02.di9abps.mongodb.net:27017, Type: Unknown, Error: Kind: I/O error: No such host is known. (os error 11001), labels: {}, source: None }, { Address: ac-as8c0sd-shard-00-00.di9abps.mongodb.net:27017, Type: Unknown, Error: Kind: I/O error: No such host is known. (os error 11001), labels: {}, source: None } ] }, labels: {}, source: None`
    at ei.handleRequestError (C:\Users\gambo\OneDrive\Desktop\rivalry\backend\node_modules\@prisma\client\runtime\library.js:121:7268)
    at ei.handleAndLogRequestError (C:\Users\gambo\OneDrive\Desktop\rivalry\backend\node_modules\@prisma\client\runtime\library.js:121:6593)
    at ei.request (C:\Users\gambo\OneDrive\Desktop\rivalry\backend\node_modules\@prisma\client\runtime\library.js:121:6300)
    at async a (C:\Users\gambo\OneDrive\Desktop\rivalry\backend\node_modules\@prisma\client\runtime\library.js:130:9551)
    at async listRecentVotes (file:///C:/Users/gambo/OneDrive/Desktop/rivalry/backend/src/controllers/vote.controller.js:231:19) {
  code: 'P2010',
  meta: {
    modelName: 'Vote',
    code: 'unknown',
    message: 'Kind: Server selection timeout: No available servers. Topology: { Type: ReplicaSetNoPrimary, Set Name: atlas-693624-shard-0, Max Set Version: 377, Max Election ID: 7fffffff00000000000001fa, Servers: [ { Address: ac-as8c0sd-shard-00-01.di9abps.mongodb.net:27017, Type: Unknown, Error: Kind: I/O error: No such host is known. (os error 11001), labels: {}, source: None }, { Address: ac-as8c0sd-shard-00-02.di9abps.mongodb.net:27017, Type: Unknown, Error: Kind: I/O error: No such host is known. (os error 11001), labels: {}, source: None }, { Address: ac-as8c0sd-shard-00-00.di9abps.mongodb.net:27017, Type: Unknown, Error: Kind: I/O error: No such host is known. (os error 11001), labels: {}, source: None } ] }, labels: {}, source: None'
  },
  clientVersion: '6.19.3'
}
PrismaClientKnownRequestError: 
Invalid `prisma.vote.findMany()` invocation:


Raw query failed. Code: `unknown`. Message: `Kind: Server selection timeout: No available servers. Topology: { Type: ReplicaSetNoPrimary, Set Name: atlas-693624-shard-0, Max Set Version: 377, Max Election ID: 7fffffff00000000000001fa, Servers: [ { Address: ac-as8c0sd-shard-00-01.di9abps.mongodb.net:27017, Type: Unknown, Error: Kind: I/O error: No such host is known. (os error 11001), labels: {}, source: None }, { Address: ac-as8c0sd-shard-00-02.di9abps.mongodb.net:27017, Type: Unknown, Error: Kind: I/O error: No such host is known. (os error 11001), labels: {}, source: None }, { Address: ac-as8c0sd-shard-00-00.di9abps.mongodb.net:27017, Type: Unknown, Error: Kind: I/O error: No such host is known. (os error 11001), labels: {}, source: None } ] }, labels: {}, source: None`
    at ei.handleRequestError (C:\Users\gambo\OneDrive\Desktop\rivalry\backend\node_modules\@prisma\client\runtime\library.js:121:7268)
    at ei.handleAndLogRequestError (C:\Users\gambo\OneDrive\Desktop\rivalry\backend\node_modules\@prisma\client\runtime\library.js:121:6593)
    at ei.request (C:\Users\gambo\OneDrive\Desktop\rivalry\backend\node_modules\@prisma\client\runtime\library.js:121:6300)
    at async a (C:\Users\gambo\OneDrive\Desktop\rivalry\backend\node_modules\@prisma\client\runtime\library.js:130:9551)
    at async listRecentVotes (file:///C:/Users/gambo/OneDrive/Desktop/rivalry/backend/src/controllers/vote.controller.js:231:19) {
  code: 'P2010',
  meta: {
    modelName: 'Vote',
    code: 'unknown',
    message: 'Kind: Server selection timeout: No available servers. Topology: { Type: ReplicaSetNoPrimary, Set Name: atlas-693624-shard-0, Max Set Version: 377, Max Election ID: 7fffffff00000000000001fa, Servers: [ { Address: ac-as8c0sd-shard-00-01.di9abps.mongodb.net:27017, Type: Unknown, Error: Kind: I/O error: No such host is known. (os error 11001), labels: {}, source: None }, { Address: ac-as8c0sd-shard-00-02.di9abps.mongodb.net:27017, Type: Unknown, Error: Kind: I/O error: No such host is known. (os error 11001), labels: {}, source: None }, { Address: ac-as8c0sd-shard-00-00.di9abps.mongodb.net:27017, Type: Unknown, Error: Kind: I/O error: No such host is known. (os error 11001), labels: {}, source: None } ] }, labels: {}, source: None'
  },
  clientVersion: '6.19.3'
}
PrismaClientKnownRequestError: 
Invalid `prisma.vote.findMany()` invocation:


Raw query failed. Code: `unknown`. Message: `Kind: Server selection timeout: No available servers. Topology: { Type: ReplicaSetNoPrimary, Set Name: atlas-693624-shard-0, Max Set Version: 377, Max Election ID: 7fffffff00000000000001fa, Servers: [ { Address: ac-as8c0sd-shard-00-01.di9abps.mongodb.net:27017, Type: Unknown, Error: Kind: I/O error: No such host is known. (os error 11001), labels: {}, source: None }, { Address: ac-as8c0sd-shard-00-02.di9abps.mongodb.net:27017, Type: Unknown, Error: Kind: I/O error: No such host is known. (os error 11001), labels: {}, source: None }, { Address: ac-as8c0sd-shard-00-00.di9abps.mongodb.net:27017, Type: Unknown, Error: Kind: I/O error: No such host is known. (os error 11001), labels: {}, source: None } ] }, labels: {}, source: None`
    at ei.handleRequestError (C:\Users\gambo\OneDrive\Desktop\rivalry\backend\node_modules\@prisma\client\runtime\library.js:121:7268)
    at ei.handleAndLogRequestError (C:\Users\gambo\OneDrive\Desktop\rivalry\backend\node_modules\@prisma\client\runtime\library.js:121:6593)
    at ei.request (C:\Users\gambo\OneDrive\Desktop\rivalry\backend\node_modules\@prisma\client\runtime\library.js:121:6300)
    at async a (C:\Users\gambo\OneDrive\Desktop\rivalry\backend\node_modules\@prisma\client\runtime\library.js:130:9551)
    at async listRecentVotes (file:///C:/Users/gambo/OneDrive/Desktop/rivalry/backend/src/controllers/vote.controller.js:231:19) {
  code: 'P2010',
  meta: {
    modelName: 'Vote',
    code: 'unknown',
    message: 'Kind: Server selection timeout: No available servers. Topology: { Type: ReplicaSetNoPrimary, Set Name: atlas-693624-shard-0, Max Set Version: 377, Max Election ID: 7fffffff00000000000001fa, Servers: [ { Address: ac-as8c0sd-shard-00-01.di9abps.mongodb.net:27017, Type: Unknown, Error: Kind: I/O error: No such host is known. (os error 11001), labels: {}, source: None }, { Address: ac-as8c0sd-shard-00-02.di9abps.mongodb.net:27017, Type: Unknown, Error: Kind: I/O error: No such host is known. (os error 11001), labels: {}, source: None }, { Address: ac-as8c0sd-shard-00-00.di9abps.mongodb.net:27017, Type: Unknown, Error: Kind: I/O error: No such host is known. (os error 11001), labels: {}, source: None } ] }, labels: {}, source: None'
  },
  clientVersion: '6.19.3'
}
PrismaClientKnownRequestError: 
Invalid `prisma.vote.findMany()` invocation:


Raw query failed. Code: `unknown`. Message: `Kind: Server selection timeout: No available servers. Topology: { Type: ReplicaSetNoPrimary, Set Name: atlas-693624-shard-0, Max Set Version: 377, Max Election ID: 7fffffff00000000000001fa, Servers: [ { Address: ac-as8c0sd-shard-00-01.di9abps.mongodb.net:27017, Type: Unknown, Error: Kind: I/O error: No such host is known. (os error 11001), labels: {}, source: None }, { Address: ac-as8c0sd-shard-00-02.di9abps.mongodb.net:27017, Type: Unknown, Error: Kind: I/O error: No such host is known. (os error 11001), labels: {}, source: None }, { Address: ac-as8c0sd-shard-00-00.di9abps.mongodb.net:27017, Type: Unknown, Error: Kind: I/O error: No such host is known. (os error 11001), labels: {}, source: None } ] }, labels: {}, source: None`
    at ei.handleRequestError (C:\Users\gambo\OneDrive\Desktop\rivalry\backend\node_modules\@prisma\client\runtime\library.js:121:7268)
    at ei.handleAndLogRequestError (C:\Users\gambo\OneDrive\Desktop\rivalry\backend\node_modules\@prisma\client\runtime\library.js:121:6593)
    at ei.request (C:\Users\gambo\OneDrive\Desktop\rivalry\backend\node_modules\@prisma\client\runtime\library.js:121:6300)
    at async a (C:\Users\gambo\OneDrive\Desktop\rivalry\backend\node_modules\@prisma\client\runtime\library.js:130:9551)
    at async listRecentVotes (file:///C:/Users/gambo/OneDrive/Desktop/rivalry/backend/src/controllers/vote.controller.js:231:19) {
  code: 'P2010',
  meta: {
    modelName: 'Vote',
    code: 'unknown',
    message: 'Kind: Server selection timeout: No available servers. Topology: { Type: ReplicaSetNoPrimary, Set Name: atlas-693624-shard-0, Max Set Version: 377, Max Election ID: 7fffffff00000000000001fa, Servers: [ { Address: ac-as8c0sd-shard-00-01.di9abps.mongodb.net:27017, Type: Unknown, Error: Kind: I/O error: No such host is known. (os error 11001), labels: {}, source: None }, { Address: ac-as8c0sd-shard-00-02.di9abps.mongodb.net:27017, Type: Unknown, Error: Kind: I/O error: No such host is known. (os error 11001), labels: {}, source: None }, { Address: ac-as8c0sd-shard-00-00.di9abps.mongodb.net:27017, Type: Unknown, Error: Kind: I/O error: No such host is known. (os error 11001), labels: {}, source: None } ] }, labels: {}, source: None'
  },
  clientVersion: '6.19.3'
}
PrismaClientKnownRequestError: 
Invalid `prisma.vote.findMany()` invocation:


Raw query failed. Code: `unknown`. Message: `Kind: Server selection timeout: No available servers. Topology: { Type: ReplicaSetNoPrimary, Set Name: atlas-693624-shard-0, Max Set Version: 377, Max Election ID: 7fffffff00000000000001fa, Servers: [ { Address: ac-as8c0sd-shard-00-01.di9abps.mongodb.net:27017, Type: Unknown, Error: Kind: I/O error: No such host is known. (os error 11001), labels: {}, source: None }, { Address: ac-as8c0sd-shard-00-02.di9abps.mongodb.net:27017, Type: Unknown, Error: Kind: I/O error: No such host is known. (os error 11001), labels: {}, source: None }, { Address: ac-as8c0sd-shard-00-00.di9abps.mongodb.net:27017, Type: Unknown, Error: Kind: I/O error: No such host is known. (os error 11001), labels: {}, source: None } ] }, labels: {}, source: None`
    at ei.handleRequestError (C:\Users\gambo\OneDrive\Desktop\rivalry\backend\node_modules\@prisma\client\runtime\library.js:121:7268)
    at ei.handleAndLogRequestError (C:\Users\gambo\OneDrive\Desktop\rivalry\backend\node_modules\@prisma\client\runtime\library.js:121:6593)
    at ei.request (C:\Users\gambo\OneDrive\Desktop\rivalry\backend\node_modules\@prisma\client\runtime\library.js:121:6300)
    at async a (C:\Users\gambo\OneDrive\Desktop\rivalry\backend\node_modules\@prisma\client\runtime\library.js:130:9551)
    at async listRecentVotes (file:///C:/Users/gambo/OneDrive/Desktop/rivalry/backend/src/controllers/vote.controller.js:231:19) {
  code: 'P2010',
  meta: {
    modelName: 'Vote',
    code: 'unknown',
    message: 'Kind: Server selection timeout: No available servers. Topology: { Type: ReplicaSetNoPrimary, Set Name: atlas-693624-shard-0, Max Set Version: 377, Max Election ID: 7fffffff00000000000001fa, Servers: [ { Address: ac-as8c0sd-shard-00-01.di9abps.mongodb.net:27017, Type: Unknown, Error: Kind: I/O error: No such host is known. (os error 11001), labels: {}, source: None }, { Address: ac-as8c0sd-shard-00-02.di9abps.mongodb.net:27017, Type: Unknown, Error: Kind: I/O error: No such host is known. (os error 11001), labels: {}, source: None }, { Address: ac-as8c0sd-shard-00-00.di9abps.mongodb.net:27017, Type: Unknown, Error: Kind: I/O error: No such host is known. (os error 11001), labels: {}, source: None } ] }, labels: {}, source: None'
  },
  clientVersion: '6.19.3'
}
PrismaClientKnownRequestError: 
Invalid `prisma.vote.findMany()` invocation:


Raw query failed. Code: `unknown`. Message: `Kind: Server selection timeout: No available servers. Topology: { Type: ReplicaSetNoPrimary, Set Name: atlas-693624-shard-0, Max Set Version: 377, Max Election ID: 7fffffff00000000000001fa, Servers: [ { Address: ac-as8c0sd-shard-00-01.di9abps.mongodb.net:27017, Type: Unknown, Error: Kind: I/O error: No such host is known. (os error 11001), labels: {}, source: None }, { Address: ac-as8c0sd-shard-00-02.di9abps.mongodb.net:27017, Type: Unknown, Error: Kind: I/O error: No such host is known. (os error 11001), labels: {}, source: None }, { Address: ac-as8c0sd-shard-00-00.di9abps.mongodb.net:27017, Type: Unknown, Error: Kind: I/O error: No such host is known. (os error 11001), labels: {}, source: None } ] }, labels: {}, source: None`
    at ei.handleRequestError (C:\Users\gambo\OneDrive\Desktop\rivalry\backend\node_modules\@prisma\client\runtime\library.js:121:7268)
    at ei.handleAndLogRequestError (C:\Users\gambo\OneDrive\Desktop\rivalry\backend\node_modules\@prisma\client\runtime\library.js:121:6593)
    at ei.request (C:\Users\gambo\OneDrive\Desktop\rivalry\backend\node_modules\@prisma\client\runtime\library.js:121:6300)
    at async a (C:\Users\gambo\OneDrive\Desktop\rivalry\backend\node_modules\@prisma\client\runtime\library.js:130:9551)
    at async listRecentVotes (file:///C:/Users/gambo/OneDrive/Desktop/rivalry/backend/src/controllers/vote.controller.js:231:19) {
  code: 'P2010',
  meta: {
    modelName: 'Vote',
    code: 'unknown',
    message: 'Kind: Server selection timeout: No available servers. Topology: { Type: ReplicaSetNoPrimary, Set Name: atlas-693624-shard-0, Max Set Version: 377, Max Election ID: 7fffffff00000000000001fa, Servers: [ { Address: ac-as8c0sd-shard-00-01.di9abps.mongodb.net:27017, Type: Unknown, Error: Kind: I/O error: No such host is known. (os error 11001), labels: {}, source: None }, { Address: ac-as8c0sd-shard-00-02.di9abps.mongodb.net:27017, Type: Unknown, Error: Kind: I/O error: No such host is known. (os error 11001), labels: {}, source: None }, { Address: ac-as8c0sd-shard-00-00.di9abps.mongodb.net:27017, Type: Unknown, Error: Kind: I/O error: No such host is known. (os error 11001), labels: {}, source: None } ] }, labels: {}, source: None'
  },
  clientVersion: '6.19.3'
}
PrismaClientKnownRequestError: 
Invalid `prisma.vote.findMany()` invocation:


Raw query failed. Code: `unknown`. Message: `Kind: Server selection timeout: No available servers. Topology: { Type: ReplicaSetNoPrimary, Set Name: atlas-693624-shard-0, Max Set Version: 377, Max Election ID: 7fffffff00000000000001fa, Servers: [ { Address: ac-as8c0sd-shard-00-01.di9abps.mongodb.net:27017, Type: Unknown, Error: Kind: I/O error: No such host is known. (os error 11001), labels: {}, source: None }, { Address: ac-as8c0sd-shard-00-02.di9abps.mongodb.net:27017, Type: Unknown, Error: Kind: I/O error: No such host is known. (os error 11001), labels: {}, source: None }, { Address: ac-as8c0sd-shard-00-00.di9abps.mongodb.net:27017, Type: Unknown, Error: Kind: I/O error: No such host is known. (os error 11001), labels: {}, source: None } ] }, labels: {}, source: None`
    at ei.handleRequestError (C:\Users\gambo\OneDrive\Desktop\rivalry\backend\node_modules\@prisma\client\runtime\library.js:121:7268)
    at ei.handleAndLogRequestError (C:\Users\gambo\OneDrive\Desktop\rivalry\backend\node_modules\@prisma\client\runtime\library.js:121:6593)
    at ei.request (C:\Users\gambo\OneDrive\Desktop\rivalry\backend\node_modules\@prisma\client\runtime\library.js:121:6300)
    at async a (C:\Users\gambo\OneDrive\Desktop\rivalry\backend\node_modules\@prisma\client\runtime\library.js:130:9551)
    at async listRecentVotes (file:///C:/Users/gambo/OneDrive/Desktop/rivalry/backend/src/controllers/vote.controller.js:231:19) {
  code: 'P2010',
  meta: {
    modelName: 'Vote',
    code: 'unknown',
    message: 'Kind: Server selection timeout: No available servers. Topology: { Type: ReplicaSetNoPrimary, Set Name: atlas-693624-shard-0, Max Set Version: 377, Max Election ID: 7fffffff00000000000001fa, Servers: [ { Address: ac-as8c0sd-shard-00-01.di9abps.mongodb.net:27017, Type: Unknown, Error: Kind: I/O error: No such host is known. (os error 11001), labels: {}, source: None }, { Address: ac-as8c0sd-shard-00-02.di9abps.mongodb.net:27017, Type: Unknown, Error: Kind: I/O error: No such host is known. (os error 11001), labels: {}, source: None }, { Address: ac-as8c0sd-shard-00-00.di9abps.mongodb.net:27017, Type: Unknown, Error: Kind: I/O error: No such host is known. (os error 11001), labels: {}, source: None } ] }, labels: {}, source: None'
  },
  clientVersion: '6.19.3'
}
PrismaClientKnownRequestError: 
Invalid `prisma.vote.findMany()` invocation:


Raw query failed. Code: `unknown`. Message: `Kind: Server selection timeout: No available servers. Topology: { Type: ReplicaSetNoPrimary, Set Name: atlas-693624-shard-0, Max Set Version: 377, Max Election ID: 7fffffff00000000000001fa, Servers: [ { Address: ac-as8c0sd-shard-00-01.di9abps.mongodb.net:27017, Type: Unknown, Error: Kind: I/O error: No such host is known. (os error 11001), labels: {}, source: None }, { Address: ac-as8c0sd-shard-00-02.di9abps.mongodb.net:27017, Type: Unknown, Error: Kind: I/O error: No such host is known. (os error 11001), labels: {}, source: None }, { Address: ac-as8c0sd-shard-00-00.di9abps.mongodb.net:27017, Type: Unknown, Error: Kind: I/O error: No such host is known. (os error 11001), labels: {}, source: None } ] }, labels: {}, source: None`
    at ei.handleRequestError (C:\Users\gambo\OneDrive\Desktop\rivalry\backend\node_modules\@prisma\client\runtime\library.js:121:7268)
    at ei.handleAndLogRequestError (C:\Users\gambo\OneDrive\Desktop\rivalry\backend\node_modules\@prisma\client\runtime\library.js:121:6593)
    at ei.request (C:\Users\gambo\OneDrive\Desktop\rivalry\backend\node_modules\@prisma\client\runtime\library.js:121:6300)
    at async a (C:\Users\gambo\OneDrive\Desktop\rivalry\backend\node_modules\@prisma\client\runtime\library.js:130:9551)
    at async listRecentVotes (file:///C:/Users/gambo/OneDrive/Desktop/rivalry/backend/src/controllers/vote.controller.js:231:19) {
  code: 'P2010',
  meta: {
    modelName: 'Vote',
    code: 'unknown',
    message: 'Kind: Server selection timeout: No available servers. Topology: { Type: ReplicaSetNoPrimary, Set Name: atlas-693624-shard-0, Max Set Version: 377, Max Election ID: 7fffffff00000000000001fa, Servers: [ { Address: ac-as8c0sd-shard-00-01.di9abps.mongodb.net:27017, Type: Unknown, Error: Kind: I/O error: No such host is known. (os error 11001), labels: {}, source: None }, { Address: ac-as8c0sd-shard-00-02.di9abps.mongodb.net:27017, Type: Unknown, Error: Kind: I/O error: No such host is known. (os error 11001), labels: {}, source: None }, { Address: ac-as8c0sd-shard-00-00.di9abps.mongodb.net:27017, Type: Unknown, Error: Kind: I/O error: No such host is known. (os error 11001), labels: {}, source: None } ] }, labels: {}, source: None'
  },
  clientVersion: '6.19.3'
}
PrismaClientKnownRequestError: 
Invalid `prisma.vote.findMany()` invocation:


Raw query failed. Code: `unknown`. Message: `Kind: Server selection timeout: No available servers. Topology: { Type: ReplicaSetNoPrimary, Set Name: atlas-693624-shard-0, Max Set Version: 377, Max Election ID: 7fffffff00000000000001fa, Servers: [ { Address: ac-as8c0sd-shard-00-01.di9abps.mongodb.net:27017, Type: Unknown, Error: Kind: I/O error: No such host is known. (os error 11001), labels: {}, source: None }, { Address: ac-as8c0sd-shard-00-02.di9abps.mongodb.net:27017, Type: Unknown, Error: Kind: I/O error: No such host is known. (os error 11001), labels: {}, source: None }, { Address: ac-as8c0sd-shard-00-00.di9abps.mongodb.net:27017, Type: Unknown, Error: Kind: I/O error: No such host is known. (os error 11001), labels: {}, source: None } ] }, labels: {}, source: None`
    at ei.handleRequestError (C:\Users\gambo\OneDrive\Desktop\rivalry\backend\node_modules\@prisma\client\runtime\library.js:121:7268)
    at ei.handleAndLogRequestError (C:\Users\gambo\OneDrive\Desktop\rivalry\backend\node_modules\@prisma\client\runtime\library.js:121:6593)
    at ei.request (C:\Users\gambo\OneDrive\Desktop\rivalry\backend\node_modules\@prisma\client\runtime\library.js:121:6300)
    at async a (C:\Users\gambo\OneDrive\Desktop\rivalry\backend\node_modules\@prisma\client\runtime\library.js:130:9551)
    at async listRecentVotes (file:///C:/Users/gambo/OneDrive/Desktop/rivalry/backend/src/controllers/vote.controller.js:231:19) {
  code: 'P2010',
  meta: {
    modelName: 'Vote',
    code: 'unknown',
    message: 'Kind: Server selection timeout: No available servers. Topology: { Type: ReplicaSetNoPrimary, Set Name: atlas-693624-shard-0, Max Set Version: 377, Max Election ID: 7fffffff00000000000001fa, Servers: [ { Address: ac-as8c0sd-shard-00-01.di9abps.mongodb.net:27017, Type: Unknown, Error: Kind: I/O error: No such host is known. (os error 11001), labels: {}, source: None }, { Address: ac-as8c0sd-shard-00-02.di9abps.mongodb.net:27017, Type: Unknown, Error: Kind: I/O error: No such host is known. (os error 11001), labels: {}, source: None }, { Address: ac-as8c0sd-shard-00-00.di9abps.mongodb.net:27017, Type: Unknown, Error: Kind: I/O error: No such host is known. (os error 11001), labels: {}, source: None } ] }, labels: {}, source: None'
  },
  clientVersion: '6.19.3'
}
PrismaClientKnownRequestError: 
Invalid `prisma.vote.findMany()` invocation:


Raw query failed. Code: `unknown`. Message: `Kind: Server selection timeout: No available servers. Topology: { Type: ReplicaSetNoPrimary, Set Name: atlas-693624-shard-0, Max Set Version: 377, Max Election ID: 7fffffff00000000000001fa, Servers: [ { Address: ac-as8c0sd-shard-00-01.di9abps.mongodb.net:27017, Type: Unknown, Error: Kind: I/O error: No such host is known. (os error 11001), labels: {}, source: None }, { Address: ac-as8c0sd-shard-00-02.di9abps.mongodb.net:27017, Type: Unknown, Error: Kind: I/O error: No such host is known. (os error 11001), labels: {}, source: None }, { Address: ac-as8c0sd-shard-00-00.di9abps.mongodb.net:27017, Type: Unknown, Error: Kind: I/O error: No such host is known. (os error 11001), labels: {}, source: None } ] }, labels: {}, source: None`
    at ei.handleRequestError (C:\Users\gambo\OneDrive\Desktop\rivalry\backend\node_modules\@prisma\client\runtime\library.js:121:7268)
    at ei.handleAndLogRequestError (C:\Users\gambo\OneDrive\Desktop\rivalry\backend\node_modules\@prisma\client\runtime\library.js:121:6593)
    at ei.request (C:\Users\gambo\OneDrive\Desktop\rivalry\backend\node_modules\@prisma\client\runtime\library.js:121:6300)
    at async a (C:\Users\gambo\OneDrive\Desktop\rivalry\backend\node_modules\@prisma\client\runtime\library.js:130:9551)
    at async listRecentVotes (file:///C:/Users/gambo/OneDrive/Desktop/rivalry/backend/src/controllers/vote.controller.js:231:19) {
  code: 'P2010',
  meta: {
    modelName: 'Vote',
    code: 'unknown',
    message: 'Kind: Server selection timeout: No available servers. Topology: { Type: ReplicaSetNoPrimary, Set Name: atlas-693624-shard-0, Max Set Version: 377, Max Election ID: 7fffffff00000000000001fa, Servers: [ { Address: ac-as8c0sd-shard-00-01.di9abps.mongodb.net:27017, Type: Unknown, Error: Kind: I/O error: No such host is known. (os error 11001), labels: {}, source: None }, { Address: ac-as8c0sd-shard-00-02.di9abps.mongodb.net:27017, Type: Unknown, Error: Kind: I/O error: No such host is known. (os error 11001), labels: {}, source: None }, { Address: ac-as8c0sd-shard-00-00.di9abps.mongodb.net:27017, Type: Unknown, Error: Kind: I/O error: No such host is known. (os error 11001), labels: {}, source: None } ] }, labels: {}, source: None'
  },
  clientVersion: '6.19.3'
}
PrismaClientKnownRequestError: 
Invalid `prisma.vote.findMany()` invocation:


Raw query failed. Code: `unknown`. Message: `Kind: Server selection timeout: No available servers. Topology: { Type: ReplicaSetNoPrimary, Set Name: atlas-693624-shard-0, Max Set Version: 377, Max Election ID: 7fffffff00000000000001fa, Servers: [ { Address: ac-as8c0sd-shard-00-01.di9abps.mongodb.net:27017, Type: Unknown, Error: Kind: I/O error: No such host is known. (os error 11001), labels: {}, source: None }, { Address: ac-as8c0sd-shard-00-02.di9abps.mongodb.net:27017, Type: Unknown, Error: Kind: I/O error: No such host is known. (os error 11001), labels: {}, source: None }, { Address: ac-as8c0sd-shard-00-00.di9abps.mongodb.net:27017, Type: Unknown, Error: Kind: I/O error: No such host is known. (os error 11001), labels: {}, source: None } ] }, labels: {}, source: None`
    at ei.handleRequestError (C:\Users\gambo\OneDrive\Desktop\rivalry\backend\node_modules\@prisma\client\runtime\library.js:121:7268)
    at ei.handleAndLogRequestError (C:\Users\gambo\OneDrive\Desktop\rivalry\backend\node_modules\@prisma\client\runtime\library.js:121:6593)
    at ei.request (C:\Users\gambo\OneDrive\Desktop\rivalry\backend\node_modules\@prisma\client\runtime\library.js:121:6300)
    at async a (C:\Users\gambo\OneDrive\Desktop\rivalry\backend\node_modules\@prisma\client\runtime\library.js:130:9551)
    at async listRecentVotes (file:///C:/Users/gambo/OneDrive/Desktop/rivalry/backend/src/controllers/vote.controller.js:231:19) {
  code: 'P2010',
  meta: {
    modelName: 'Vote',
    code: 'unknown',
    message: 'Kind: Server selection timeout: No available servers. Topology: { Type: ReplicaSetNoPrimary, Set Name: atlas-693624-shard-0, Max Set Version: 377, Max Election ID: 7fffffff00000000000001fa, Servers: [ { Address: ac-as8c0sd-shard-00-01.di9abps.mongodb.net:27017, Type: Unknown, Error: Kind: I/O error: No such host is known. (os error 11001), labels: {}, source: None }, { Address: ac-as8c0sd-shard-00-02.di9abps.mongodb.net:27017, Type: Unknown, Error: Kind: I/O error: No such host is known. (os error 11001), labels: {}, source: None }, { Address: ac-as8c0sd-shard-00-00.di9abps.mongodb.net:27017, Type: Unknown, Error: Kind: I/O error: No such host is known. (os error 11001), labels: {}, source: None } ] }, labels: {}, source: None'
  },
  clientVersion: '6.19.3'
}
